HTTP/2.0 200 OK
Access-Control-Allow-Origin: *
Access-Control-Expose-Headers: ETag, Link, Location, Retry-After, X-GitHub-OTP, X-RateLimit-Limit, X-RateLimit-Remaining, X-RateLimit-Used, X-RateLimit-Resource, X-RateLimit-Reset, X-OAuth-Scopes, X-Accepted-OAuth-Scopes, X-Poll-Interval, X-GitHub-Media-Type, X-GitHub-SSO, X-GitHub-Request-Id, Deprecation, Sunset, Warning
Cache-Control: private, max-age=60, s-maxage=60
Content-Security-Policy: default-src 'none'
Content-Type: application/json; charset=utf-8
Date: Wed, 26 Aug 2026 00:36:43 GMT
Etag: W/"59a957eb1cacd8091ecc14ae3558844be24a965e7b13210a59a49412bb362ff8"
Referrer-Policy: origin-when-cross-origin, strict-origin-when-cross-origin
Server: github.com
Strict-Transport-Security: max-age=31536000; includeSubdomains; preload
Vary: Accept, Authorization, Cookie, X-GitHub-OTP,Accept-Encoding, Accept, X-Requested-With
X-Accepted-Oauth-Scopes: repo
X-Content-Type-Options: nosniff
X-Frame-Options: deny
X-Github-Api-Version-Selected: 2022-11-28
X-Github-Edge-Region: iad
X-Github-Media-Type: github.v3; format=json
X-Github-Request-Id: 5DD5:3BE29C:5634717:11D866F5:6A8E351B
X-Oauth-Client-Id: 178c6fc778ccc68e1d6a
X-Oauth-Scopes: gist, notifications, read:org, repo, workflow
X-Ratelimit-Limit: 5000
X-Ratelimit-Remaining: 4886
X-Ratelimit-Reset: 1787704855
X-Ratelimit-Resource: core
X-Ratelimit-Used: 114
X-Xss-Protection: 0

[{"sha":"19c6b8806089c7eb9c8c7be1496bf106b6a043f7","node_id":"C_kwDOUEXKbtoAKDE5YzZiODgwNjA4OWM3ZWI5YzhjN2JlMTQ5NmJmMTA2YjZhMDQzZjc","url":"https://api.github.com/repos/wavemm/kamal-tmp-jj-stack-no-anchor-20260826-003241-53913/git/commits/19c6b8806089c7eb9c8c7be1496bf106b6a043f7","html_url":"https://github.com/wavemm/kamal-tmp-jj-stack-no-anchor-20260826-003241-53913/commit/19c6b8806089c7eb9c8c7be1496bf106b6a043f7","author":{"name":"Kamal Al Marhubi","email":"kamal@marhubi.com","date":"2026-08-26T00:34:28Z"},"committer":{"name":"Kamal Al Marhubi","email":"kamal@marhubi.com","date":"2026-08-26T00:34:28Z"},"tree":{"sha":"c215c24d9ef1d146401d095eb370a6fe3cbdd3ab","url":"https://api.github.com/repos/wavemm/kamal-tmp-jj-stack-no-anchor-20260826-003241-53913/git/trees/c215c24d9ef1d146401d095eb370a6fe3cbdd3ab"},"message":"Scenario 2 B","parents":[{"sha":"87ba85fc4824414249f8e5b5a297b60d2fd12887","url":"https://api.github.com/repos/wavemm/kamal-tmp-jj-stack-no-anchor-20260826-003241-53913/git/commits/87ba85fc4824414249f8e5b5a297b60d2fd12887","html_url":"https://github.com/wavemm/kamal-tmp-jj-stack-no-anchor-20260826-003241-53913/commit/87ba85fc4824414249f8e5b5a297b60d2fd12887"}],"verification":{"verified":false,"reason":"unsigned","signature":null,"payload":null,"verified_at":null},"event":"committed"}]