HTTP/2.0 200 OK
Access-Control-Allow-Origin: *
Access-Control-Expose-Headers: ETag, Link, Location, Retry-After, X-GitHub-OTP, X-RateLimit-Limit, X-RateLimit-Remaining, X-RateLimit-Used, X-RateLimit-Resource, X-RateLimit-Reset, X-OAuth-Scopes, X-Accepted-OAuth-Scopes, X-Poll-Interval, X-GitHub-Media-Type, X-GitHub-SSO, X-GitHub-Request-Id, Deprecation, Sunset, Warning
Cache-Control: private, max-age=60, s-maxage=60
Content-Security-Policy: default-src 'none'
Content-Type: application/json; charset=utf-8
Date: Wed, 26 Aug 2026 00:36:42 GMT
Etag: W/"daf256151739852ef25d45722c2b609f76ff1c8b5fa46066dc0dc00f6bbf3a27"
Referrer-Policy: origin-when-cross-origin, strict-origin-when-cross-origin
Server: github.com
Strict-Transport-Security: max-age=31536000; includeSubdomains; preload
Vary: Accept, Authorization, Cookie, X-GitHub-OTP,Accept-Encoding, Accept, X-Requested-With
X-Accepted-Oauth-Scopes: repo
X-Content-Type-Options: nosniff
X-Frame-Options: deny
X-Github-Api-Version-Selected: 2022-11-28
X-Github-Edge-Region: iad
X-Github-Media-Type: github.v3; format=json
X-Github-Request-Id: 5DFF:441FA:571CDA2:120ABB6A:6A8E351A
X-Oauth-Client-Id: 178c6fc778ccc68e1d6a
X-Oauth-Scopes: gist, notifications, read:org, repo, workflow
X-Ratelimit-Limit: 5000
X-Ratelimit-Remaining: 4887
X-Ratelimit-Reset: 1787704855
X-Ratelimit-Resource: core
X-Ratelimit-Used: 113
X-Xss-Protection: 0

[{"sha":"87ba85fc4824414249f8e5b5a297b60d2fd12887","node_id":"C_kwDOUEXKbtoAKDg3YmE4NWZjNDgyNDQxNDI0OWY4ZTViNWEyOTdiNjBkMmZkMTI4ODc","url":"https://api.github.com/repos/wavemm/kamal-tmp-jj-stack-no-anchor-20260826-003241-53913/git/commits/87ba85fc4824414249f8e5b5a297b60d2fd12887","html_url":"https://github.com/wavemm/kamal-tmp-jj-stack-no-anchor-20260826-003241-53913/commit/87ba85fc4824414249f8e5b5a297b60d2fd12887","author":{"name":"Kamal Al Marhubi","email":"kamal@marhubi.com","date":"2026-08-26T00:34:03Z"},"committer":{"name":"Kamal Al Marhubi","email":"kamal@marhubi.com","date":"2026-08-26T00:34:03Z"},"tree":{"sha":"66e8f9f064896ea52563182b095a4a0de5e71bb7","url":"https://api.github.com/repos/wavemm/kamal-tmp-jj-stack-no-anchor-20260826-003241-53913/git/trees/66e8f9f064896ea52563182b095a4a0de5e71bb7"},"message":"Scenario 2 A","parents":[{"sha":"2b1d2da7ce3859fd7f3ad3145678c758484edebb","url":"https://api.github.com/repos/wavemm/kamal-tmp-jj-stack-no-anchor-20260826-003241-53913/git/commits/2b1d2da7ce3859fd7f3ad3145678c758484edebb","html_url":"https://github.com/wavemm/kamal-tmp-jj-stack-no-anchor-20260826-003241-53913/commit/2b1d2da7ce3859fd7f3ad3145678c758484edebb"}],"verification":{"verified":false,"reason":"unsigned","signature":null,"payload":null,"verified_at":null},"event":"committed"}]