c715e6ef0f8756ef5f9f491090e72995f0f51d56 refs/heads/main
12b714be0c2fbfefe47e8bfbea0a9104f99ce11c refs/heads/pr-0
41e52940b8887628259692481ba34c87d4c34a24 refs/heads/pr-1
731a66313b74f12a6a448ec49bff1237d729894c refs/heads/pr-2
66f5dd902328bc91a35b9437cfb744682501d0a7 refs/heads/pr-3
0c01ddd2f37afd39114f415049423e83f57bb1a2 refs/jj/keep/0c01ddd2f37afd39114f415049423e83f57bb1a2
12b714be0c2fbfefe47e8bfbea0a9104f99ce11c refs/jj/keep/12b714be0c2fbfefe47e8bfbea0a9104f99ce11c
149a541d40425db3b4973f333ad916b1e6147b02 refs/jj/keep/149a541d40425db3b4973f333ad916b1e6147b02
3867f3d08c6778f6cf25cfe3283171fd6fda4a3f refs/jj/keep/3867f3d08c6778f6cf25cfe3283171fd6fda4a3f
4012d85c7754308123cc2b4ad714510c3fedc396 refs/jj/keep/4012d85c7754308123cc2b4ad714510c3fedc396
41e52940b8887628259692481ba34c87d4c34a24 refs/jj/keep/41e52940b8887628259692481ba34c87d4c34a24
66f5dd902328bc91a35b9437cfb744682501d0a7 refs/jj/keep/66f5dd902328bc91a35b9437cfb744682501d0a7
731a66313b74f12a6a448ec49bff1237d729894c refs/jj/keep/731a66313b74f12a6a448ec49bff1237d729894c
82a6149e2f2a81f1dd391c93985b782faa318d77 refs/jj/keep/82a6149e2f2a81f1dd391c93985b782faa318d77
aa7dbb39e94304b25bfbf6d059d12401ba6b280d refs/jj/keep/aa7dbb39e94304b25bfbf6d059d12401ba6b280d
b371d5eb6e6c7d8a593ebbcf711bf64e1ab5151a refs/jj/keep/b371d5eb6e6c7d8a593ebbcf711bf64e1ab5151a
c715e6ef0f8756ef5f9f491090e72995f0f51d56 refs/jj/keep/c715e6ef0f8756ef5f9f491090e72995f0f51d56
e054734a0b104cbfb5eef4fb509f29e388ed9bea refs/jj/keep/e054734a0b104cbfb5eef4fb509f29e388ed9bea
c715e6ef0f8756ef5f9f491090e72995f0f51d56 refs/remotes/origin/main
12b714be0c2fbfefe47e8bfbea0a9104f99ce11c refs/remotes/origin/pr-0
41e52940b8887628259692481ba34c87d4c34a24 refs/remotes/origin/pr-1
731a66313b74f12a6a448ec49bff1237d729894c refs/remotes/origin/pr-2
66f5dd902328bc91a35b9437cfb744682501d0a7 refs/remotes/origin/pr-3
