db209536369c5419938cb7aec7e7531ca458cd6d refs/heads/fixture-a
7500d35286ab13f2f8e97c7aba509412b1a83afb refs/heads/fixture-b
ba6a9d1e9acb567cbcacd3db13b27ea4ac375257 refs/heads/fixture-c
b27ff9e93bccc420077e6b0ba04a1116e67b4768 refs/heads/fixture-x
aa22d1fb267453248a710103853be11120b8227f refs/heads/main
27ccc5179ea857c91e03d1c0c4574ad94d1a1824 refs/jj/keep/27ccc5179ea857c91e03d1c0c4574ad94d1a1824
45d16f64566f5ae91c8acd2dfdebd08a7f2408e2 refs/jj/keep/45d16f64566f5ae91c8acd2dfdebd08a7f2408e2
529aed8f4c6e181ac5a6040f3ce59a05cb7fb53a refs/jj/keep/529aed8f4c6e181ac5a6040f3ce59a05cb7fb53a
7500d35286ab13f2f8e97c7aba509412b1a83afb refs/jj/keep/7500d35286ab13f2f8e97c7aba509412b1a83afb
9fb1ee17790164e5facdb6a00d2740a1a7d098fc refs/jj/keep/9fb1ee17790164e5facdb6a00d2740a1a7d098fc
a45bb3e212aaabc5da57f80003d8aecde0db0279 refs/jj/keep/a45bb3e212aaabc5da57f80003d8aecde0db0279
aa22d1fb267453248a710103853be11120b8227f refs/jj/keep/aa22d1fb267453248a710103853be11120b8227f
aed8a31279aa1a95e8d10e2ff53e8727299f4eda refs/jj/keep/aed8a31279aa1a95e8d10e2ff53e8727299f4eda
b27ff9e93bccc420077e6b0ba04a1116e67b4768 refs/jj/keep/b27ff9e93bccc420077e6b0ba04a1116e67b4768
ba6a9d1e9acb567cbcacd3db13b27ea4ac375257 refs/jj/keep/ba6a9d1e9acb567cbcacd3db13b27ea4ac375257
be6ba25fd85d8336d3bf50424a7920435d713441 refs/jj/keep/be6ba25fd85d8336d3bf50424a7920435d713441
db209536369c5419938cb7aec7e7531ca458cd6d refs/jj/keep/db209536369c5419938cb7aec7e7531ca458cd6d
f5608dcf76948e1e0827021c975273187c56bb99 refs/jj/keep/f5608dcf76948e1e0827021c975273187c56bb99
db209536369c5419938cb7aec7e7531ca458cd6d refs/remotes/origin/fixture-a
7500d35286ab13f2f8e97c7aba509412b1a83afb refs/remotes/origin/fixture-b
ba6a9d1e9acb567cbcacd3db13b27ea4ac375257 refs/remotes/origin/fixture-c
b27ff9e93bccc420077e6b0ba04a1116e67b4768 refs/remotes/origin/fixture-x
aa22d1fb267453248a710103853be11120b8227f refs/remotes/origin/main
