HTTP/2.0 200 OK
Access-Control-Allow-Origin: *
Access-Control-Expose-Headers: ETag, Link, Location, Retry-After, X-GitHub-OTP, X-RateLimit-Limit, X-RateLimit-Remaining, X-RateLimit-Used, X-RateLimit-Resource, X-RateLimit-Reset, X-OAuth-Scopes, X-Accepted-OAuth-Scopes, X-Poll-Interval, X-GitHub-Media-Type, X-GitHub-SSO, X-GitHub-Request-Id, Deprecation, Sunset, Warning
Cache-Control: private, max-age=60, s-maxage=60
Content-Security-Policy: default-src 'none'
Content-Type: application/json; charset=utf-8
Date: Wed, 26 Aug 2026 00:34:31 GMT
Etag: W/"562c54b9b3a66a8005160889a447b44870aa99fbf71da057cca15ddee06f2c3a"
Referrer-Policy: origin-when-cross-origin, strict-origin-when-cross-origin
Server: github.com
Strict-Transport-Security: max-age=31536000; includeSubdomains; preload
Vary: Accept, Authorization, Cookie, X-GitHub-OTP,Accept-Encoding, Accept, X-Requested-With
X-Accepted-Oauth-Scopes: 
X-Content-Type-Options: nosniff
X-Frame-Options: deny
X-Github-Api-Version-Selected: 2022-11-28
X-Github-Edge-Region: iad
X-Github-Media-Type: github.v3; format=json
X-Github-Request-Id: 5DD5:12778D:54B2123:11A62D03:6A8E3497
X-Oauth-Client-Id: 178c6fc778ccc68e1d6a
X-Oauth-Scopes: gist, notifications, read:org, repo, workflow
X-Ratelimit-Limit: 5000
X-Ratelimit-Remaining: 4971
X-Ratelimit-Reset: 1787707450
X-Ratelimit-Resource: core
X-Ratelimit-Used: 29
X-Xss-Protection: 0

[{"id":623038,"number":5,"node_id":"PRS_kwDOUEXHi84ACYG-","url":"https://api.github.com/repos/wavemm/kamal-tmp-partial-replay-20260826T003211Z/stacks/5","base":{"ref":"main"},"open":true,"created_at":"2026-08-26T00:33:39Z","pull_requests":[{"number":1,"state":"open","draft":false,"merged_at":null,"head":{"ref":"pr-0","sha":"12b714be0c2fbfefe47e8bfbea0a9104f99ce11c"}},{"number":2,"state":"open","draft":false,"merged_at":null,"head":{"ref":"pr-1","sha":"41e52940b8887628259692481ba34c87d4c34a24"}},{"number":3,"state":"open","draft":false,"merged_at":null,"head":{"ref":"pr-2","sha":"731a66313b74f12a6a448ec49bff1237d729894c"}},{"number":4,"state":"open","draft":false,"merged_at":null,"head":{"ref":"pr-3","sha":"66f5dd902328bc91a35b9437cfb744682501d0a7"}}]}]