9f6823f0577d95624f8ae4bee28d2c017ccdff5f refs/heads/main
47fa1fbfd3098d1663a8f3665c0f58fce09cd5ad refs/heads/pr-1
542b71e76f81db9a51ac79c06c8df11e738bfbee refs/heads/pr-2
4ab8c1021f46a1505f9e5f7ff3d56d83525dfe74 refs/heads/pr-3
4ab8c1021f46a1505f9e5f7ff3d56d83525dfe74 refs/heads/tip
2977b86a56cca1fedd931379f946961c19098e71 refs/jj/keep/2977b86a56cca1fedd931379f946961c19098e71
40b3178ce109b89ecf24453fd958c1e185b506a9 refs/jj/keep/40b3178ce109b89ecf24453fd958c1e185b506a9
47fa1fbfd3098d1663a8f3665c0f58fce09cd5ad refs/jj/keep/47fa1fbfd3098d1663a8f3665c0f58fce09cd5ad
4ab8c1021f46a1505f9e5f7ff3d56d83525dfe74 refs/jj/keep/4ab8c1021f46a1505f9e5f7ff3d56d83525dfe74
542b71e76f81db9a51ac79c06c8df11e738bfbee refs/jj/keep/542b71e76f81db9a51ac79c06c8df11e738bfbee
5a0d2f6f8176dd34082d5bca19323d0ba971052b refs/jj/keep/5a0d2f6f8176dd34082d5bca19323d0ba971052b
86a0c961b18824977b9add2051ef17577af7b86b refs/jj/keep/86a0c961b18824977b9add2051ef17577af7b86b
9f6823f0577d95624f8ae4bee28d2c017ccdff5f refs/jj/keep/9f6823f0577d95624f8ae4bee28d2c017ccdff5f
a9b2aa0b2fd60d2935ff076e56b49842e00849f9 refs/jj/keep/a9b2aa0b2fd60d2935ff076e56b49842e00849f9
cf51e91e809a0ad82fd7b18c44d25856c9afccc4 refs/jj/keep/cf51e91e809a0ad82fd7b18c44d25856c9afccc4
f3892f609c7da2923aef3084040f2ac8ea7719e9 refs/jj/keep/f3892f609c7da2923aef3084040f2ac8ea7719e9
9f6823f0577d95624f8ae4bee28d2c017ccdff5f refs/remotes/origin/main
47fa1fbfd3098d1663a8f3665c0f58fce09cd5ad refs/remotes/origin/pr-1
542b71e76f81db9a51ac79c06c8df11e738bfbee refs/remotes/origin/pr-2
4ab8c1021f46a1505f9e5f7ff3d56d83525dfe74 refs/remotes/origin/pr-3
