HTTP/2.0 200 OK
Access-Control-Allow-Origin: *
Access-Control-Expose-Headers: ETag, Link, Location, Retry-After, X-GitHub-OTP, X-RateLimit-Limit, X-RateLimit-Remaining, X-RateLimit-Used, X-RateLimit-Resource, X-RateLimit-Reset, X-OAuth-Scopes, X-Accepted-OAuth-Scopes, X-Poll-Interval, X-GitHub-Media-Type, X-GitHub-SSO, X-GitHub-Request-Id, Deprecation, Sunset, Warning
Cache-Control: private, max-age=60, s-maxage=60
Content-Security-Policy: default-src 'none'
Content-Type: application/json; charset=utf-8
Date: Wed, 26 Aug 2026 00:37:40 GMT
Etag: W/"10789be68d222c9b026bdebef14a66fa354d4dd7c9869f07491e80ee538b4fea"
Referrer-Policy: origin-when-cross-origin, strict-origin-when-cross-origin
Server: github.com
Strict-Transport-Security: max-age=31536000; includeSubdomains; preload
Vary: Accept, Authorization, Cookie, X-GitHub-OTP,Accept-Encoding, Accept, X-Requested-With
X-Accepted-Oauth-Scopes: 
X-Content-Type-Options: nosniff
X-Frame-Options: deny
X-Github-Api-Version-Selected: 2022-11-28
X-Github-Edge-Region: iad
X-Github-Media-Type: github.v3; format=json
X-Github-Request-Id: 5DC5:39DB9:82F66B:1B6112F:6A8E3554
X-Oauth-Client-Id: 178c6fc778ccc68e1d6a
X-Oauth-Scopes: gist, notifications, read:org, repo, workflow
X-Ratelimit-Limit: 5000
X-Ratelimit-Remaining: 4881
X-Ratelimit-Reset: 1787707450
X-Ratelimit-Resource: core
X-Ratelimit-Used: 119
X-Xss-Protection: 0

[{"id":623097,"number":4,"node_id":"PRS_kwDOUEXRd84ACYH5","url":"https://api.github.com/repos/wavemm/kamal-tmp-partial-replay-20260826T003647Z/stacks/4","base":{"ref":"main"},"open":true,"created_at":"2026-08-26T00:37:15Z","pull_requests":[{"number":1,"state":"open","draft":false,"merged_at":null,"head":{"ref":"pr-1","sha":"47fa1fbfd3098d1663a8f3665c0f58fce09cd5ad"}},{"number":2,"state":"open","draft":false,"merged_at":null,"head":{"ref":"pr-2","sha":"542b71e76f81db9a51ac79c06c8df11e738bfbee"}},{"number":3,"state":"open","draft":false,"merged_at":null,"head":{"ref":"pr-3","sha":"4ab8c1021f46a1505f9e5f7ff3d56d83525dfe74"}}]}]