HTTP/2.0 200 OK
Access-Control-Allow-Origin: *
Access-Control-Expose-Headers: ETag, Link, Location, Retry-After, X-GitHub-OTP, X-RateLimit-Limit, X-RateLimit-Remaining, X-RateLimit-Used, X-RateLimit-Resource, X-RateLimit-Reset, X-OAuth-Scopes, X-Accepted-OAuth-Scopes, X-Poll-Interval, X-GitHub-Media-Type, X-GitHub-SSO, X-GitHub-Request-Id, Deprecation, Sunset, Warning
Cache-Control: private, max-age=60, s-maxage=60
Content-Security-Policy: default-src 'none'
Content-Type: application/json; charset=utf-8
Date: Wed, 26 Aug 2026 00:37:44 GMT
Etag: W/"7facfa101318df677d211c090325eefc3582884b04e8d78b6f4cc975fffc1a04"
Referrer-Policy: origin-when-cross-origin, strict-origin-when-cross-origin
Server: github.com
Strict-Transport-Security: max-age=31536000; includeSubdomains; preload
Vary: Accept, Authorization, Cookie, X-GitHub-OTP,Accept-Encoding, Accept, X-Requested-With
X-Accepted-Oauth-Scopes: 
X-Content-Type-Options: nosniff
X-Frame-Options: deny
X-Github-Api-Version-Selected: 2022-11-28
X-Github-Edge-Region: iad
X-Github-Media-Type: github.v3; format=json
X-Github-Request-Id: 5DF4:45846:8D4976:1D75056:6A8E3557
X-Oauth-Client-Id: 178c6fc778ccc68e1d6a
X-Oauth-Scopes: gist, notifications, read:org, repo, workflow
X-Ratelimit-Limit: 5000
X-Ratelimit-Remaining: 4878
X-Ratelimit-Reset: 1787707450
X-Ratelimit-Resource: core
X-Ratelimit-Used: 122
X-Xss-Protection: 0

{"id":623097,"number":4,"node_id":"PRS_kwDOUEXRd84ACYH5","url":"https://api.github.com/repos/wavemm/kamal-tmp-partial-replay-20260826T003647Z/stacks/4","base":{"ref":"main"},"open":true,"created_at":"2026-08-26T00:37:15Z","pull_requests":[{"url":"https://api.github.com/repos/wavemm/kamal-tmp-partial-replay-20260826T003647Z/pulls/1","id":4362953488,"number":1,"head":{"ref":"pr-1","sha":"47fa1fbfd3098d1663a8f3665c0f58fce09cd5ad","repo":{"id":1346752887,"url":"https://api.github.com/repos/wavemm/kamal-tmp-partial-replay-20260826T003647Z","name":"kamal-tmp-partial-replay-20260826T003647Z"}},"base":{"ref":"main","sha":"9f6823f0577d95624f8ae4bee28d2c017ccdff5f","repo":{"id":1346752887,"url":"https://api.github.com/repos/wavemm/kamal-tmp-partial-replay-20260826T003647Z","name":"kamal-tmp-partial-replay-20260826T003647Z"}},"node_id":"PR_kwDOUEXRd88AAAABBA1jEA","title":"pr 1","state":"open","merged_at":null,"draft":false,"html_url":"https://github.com/wavemm/kamal-tmp-partial-replay-20260826T003647Z/pull/1","user":{"login":"kamalmarhubi","id":50936,"node_id":"MDQ6VXNlcjUwOTM2","avatar_url":"https://avatars.githubusercontent.com/u/50936?v=4","gravatar_id":"","url":"https://api.github.com/users/kamalmarhubi","html_url":"https://github.com/kamalmarhubi","followers_url":"https://api.github.com/users/kamalmarhubi/followers","following_url":"https://api.github.com/users/kamalmarhubi/following{/other_user}","gists_url":"https://api.github.com/users/kamalmarhubi/gists{/gist_id}","starred_url":"https://api.github.com/users/kamalmarhubi/starred{/owner}{/repo}","subscriptions_url":"https://api.github.com/users/kamalmarhubi/subscriptions","organizations_url":"https://api.github.com/users/kamalmarhubi/orgs","repos_url":"https://api.github.com/users/kamalmarhubi/repos","events_url":"https://api.github.com/users/kamalmarhubi/events{/privacy}","received_events_url":"https://api.github.com/users/kamalmarhubi/received_events","type":"User","user_view_type":"public","site_admin":false}},{"url":"https://api.github.com/repos/wavemm/kamal-tmp-partial-replay-20260826T003647Z/pulls/2","id":4362953594,"number":2,"head":{"ref":"pr-2","sha":"542b71e76f81db9a51ac79c06c8df11e738bfbee","repo":{"id":1346752887,"url":"https://api.github.com/repos/wavemm/kamal-tmp-partial-replay-20260826T003647Z","name":"kamal-tmp-partial-replay-20260826T003647Z"}},"base":{"ref":"pr-1","sha":"47fa1fbfd3098d1663a8f3665c0f58fce09cd5ad","repo":{"id":1346752887,"url":"https://api.github.com/repos/wavemm/kamal-tmp-partial-replay-20260826T003647Z","name":"kamal-tmp-partial-replay-20260826T003647Z"}},"node_id":"PR_kwDOUEXRd88AAAABBA1jeg","title":"pr 2","state":"open","merged_at":null,"draft":false,"html_url":"https://github.com/wavemm/kamal-tmp-partial-replay-20260826T003647Z/pull/2","user":{"login":"kamalmarhubi","id":50936,"node_id":"MDQ6VXNlcjUwOTM2","avatar_url":"https://avatars.githubusercontent.com/u/50936?v=4","gravatar_id":"","url":"https://api.github.com/users/kamalmarhubi","html_url":"https://github.com/kamalmarhubi","followers_url":"https://api.github.com/users/kamalmarhubi/followers","following_url":"https://api.github.com/users/kamalmarhubi/following{/other_user}","gists_url":"https://api.github.com/users/kamalmarhubi/gists{/gist_id}","starred_url":"https://api.github.com/users/kamalmarhubi/starred{/owner}{/repo}","subscriptions_url":"https://api.github.com/users/kamalmarhubi/subscriptions","organizations_url":"https://api.github.com/users/kamalmarhubi/orgs","repos_url":"https://api.github.com/users/kamalmarhubi/repos","events_url":"https://api.github.com/users/kamalmarhubi/events{/privacy}","received_events_url":"https://api.github.com/users/kamalmarhubi/received_events","type":"User","user_view_type":"public","site_admin":false}},{"url":"https://api.github.com/repos/wavemm/kamal-tmp-partial-replay-20260826T003647Z/pulls/3","id":4362953682,"number":3,"head":{"ref":"pr-3","sha":"4ab8c1021f46a1505f9e5f7ff3d56d83525dfe74","repo":{"id":1346752887,"url":"https://api.github.com/repos/wavemm/kamal-tmp-partial-replay-20260826T003647Z","name":"kamal-tmp-partial-replay-20260826T003647Z"}},"base":{"ref":"pr-2","sha":"542b71e76f81db9a51ac79c06c8df11e738bfbee","repo":{"id":1346752887,"url":"https://api.github.com/repos/wavemm/kamal-tmp-partial-replay-20260826T003647Z","name":"kamal-tmp-partial-replay-20260826T003647Z"}},"node_id":"PR_kwDOUEXRd88AAAABBA1j0g","title":"pr 3","state":"open","merged_at":null,"draft":false,"html_url":"https://github.com/wavemm/kamal-tmp-partial-replay-20260826T003647Z/pull/3","user":{"login":"kamalmarhubi","id":50936,"node_id":"MDQ6VXNlcjUwOTM2","avatar_url":"https://avatars.githubusercontent.com/u/50936?v=4","gravatar_id":"","url":"https://api.github.com/users/kamalmarhubi","html_url":"https://github.com/kamalmarhubi","followers_url":"https://api.github.com/users/kamalmarhubi/followers","following_url":"https://api.github.com/users/kamalmarhubi/following{/other_user}","gists_url":"https://api.github.com/users/kamalmarhubi/gists{/gist_id}","starred_url":"https://api.github.com/users/kamalmarhubi/starred{/owner}{/repo}","subscriptions_url":"https://api.github.com/users/kamalmarhubi/subscriptions","organizations_url":"https://api.github.com/users/kamalmarhubi/orgs","repos_url":"https://api.github.com/users/kamalmarhubi/repos","events_url":"https://api.github.com/users/kamalmarhubi/events{/privacy}","received_events_url":"https://api.github.com/users/kamalmarhubi/received_events","type":"User","user_view_type":"public","site_admin":false}}]}