HTTP/2.0 200 OK
Access-Control-Allow-Origin: *
Access-Control-Expose-Headers: ETag, Link, Location, Retry-After, X-GitHub-OTP, X-RateLimit-Limit, X-RateLimit-Remaining, X-RateLimit-Used, X-RateLimit-Resource, X-RateLimit-Reset, X-OAuth-Scopes, X-Accepted-OAuth-Scopes, X-Poll-Interval, X-GitHub-Media-Type, X-GitHub-SSO, X-GitHub-Request-Id, Deprecation, Sunset, Warning
Cache-Control: private, max-age=60, s-maxage=60
Content-Length: 2
Content-Security-Policy: default-src 'none'
Content-Type: application/json; charset=utf-8
Date: Wed, 26 Aug 2026 00:42:20 GMT
Etag: "db2c95836ce6aa7f3d0eeeca2dab9ed537215cc2baee16ee486aa3828f5bb604"
Referrer-Policy: origin-when-cross-origin, strict-origin-when-cross-origin
Server: github.com
Strict-Transport-Security: max-age=31536000; includeSubdomains; preload
Vary: Accept, Authorization, Cookie, X-GitHub-OTP,Accept-Encoding, Accept, X-Requested-With
X-Accepted-Oauth-Scopes: 
X-Content-Type-Options: nosniff
X-Frame-Options: deny
X-Github-Api-Version-Selected: 2022-11-28
X-Github-Edge-Region: iad
X-Github-Media-Type: github.v3; format=json
X-Github-Request-Id: 5DFD:2F85E9:8BF52A:1D1B8D3:6A8E3669
X-Oauth-Client-Id: 178c6fc778ccc68e1d6a
X-Oauth-Scopes: gist, notifications, read:org, repo, workflow
X-Ratelimit-Limit: 5000
X-Ratelimit-Remaining: 4847
X-Ratelimit-Reset: 1787707450
X-Ratelimit-Resource: core
X-Ratelimit-Used: 153
X-Xss-Protection: 0

[]