18dc4c96921ca9a7e4a0e571b3a919541b379423 refs/heads/main
450a8576359864cddf2db92e3eea4e0a85cd0d3d refs/heads/scenario1-a
88ffe53221a2021e48cb47e925538e3290e1716a refs/heads/scenario1-b
907e45d88985ccf80af2a80c50d257a959456cf5 refs/heads/scenario1-c
057be9ccb461a65f29940b14cf6fc6abca3bfa5a refs/jj/keep/057be9ccb461a65f29940b14cf6fc6abca3bfa5a
059848eb4e4f34a8d066339dfbd22dacba2a1be8 refs/jj/keep/059848eb4e4f34a8d066339dfbd22dacba2a1be8
10bbba76fbe56de226676243eac7ddffc38e7dfd refs/jj/keep/10bbba76fbe56de226676243eac7ddffc38e7dfd
18dc4c96921ca9a7e4a0e571b3a919541b379423 refs/jj/keep/18dc4c96921ca9a7e4a0e571b3a919541b379423
19daa7119e728715e9c299e1a2017380fc6ef367 refs/jj/keep/19daa7119e728715e9c299e1a2017380fc6ef367
23df9555a4ce744817fd86383a0567bfc0286443 refs/jj/keep/23df9555a4ce744817fd86383a0567bfc0286443
2eedc21c4235dfe84a441136860d134cd412fb64 refs/jj/keep/2eedc21c4235dfe84a441136860d134cd412fb64
450a8576359864cddf2db92e3eea4e0a85cd0d3d refs/jj/keep/450a8576359864cddf2db92e3eea4e0a85cd0d3d
4c47c82b2c6fd8d01862f4cb3d6eef661705cc64 refs/jj/keep/4c47c82b2c6fd8d01862f4cb3d6eef661705cc64
6841cb3a05547069d70b8b641a973d46e9fb94fc refs/jj/keep/6841cb3a05547069d70b8b641a973d46e9fb94fc
7ef55aa3fec4faf0f24bf7a897b567ce8a0159da refs/jj/keep/7ef55aa3fec4faf0f24bf7a897b567ce8a0159da
88ffe53221a2021e48cb47e925538e3290e1716a refs/jj/keep/88ffe53221a2021e48cb47e925538e3290e1716a
907e45d88985ccf80af2a80c50d257a959456cf5 refs/jj/keep/907e45d88985ccf80af2a80c50d257a959456cf5
becdd1c82e6c200cace691e20d28609ee9124b83 refs/jj/keep/becdd1c82e6c200cace691e20d28609ee9124b83
db3bea379811da822fa660a892ccc21f10ff97c3 refs/jj/keep/db3bea379811da822fa660a892ccc21f10ff97c3
e0bc47bde0bd13f4466792fed1e8cdbccc95e55c refs/jj/keep/e0bc47bde0bd13f4466792fed1e8cdbccc95e55c
057be9ccb461a65f29940b14cf6fc6abca3bfa5a refs/remotes/origin/main
450a8576359864cddf2db92e3eea4e0a85cd0d3d refs/remotes/origin/scenario1-a
88ffe53221a2021e48cb47e925538e3290e1716a refs/remotes/origin/scenario1-b
907e45d88985ccf80af2a80c50d257a959456cf5 refs/remotes/origin/scenario1-c
